// Jest Snapshot v1, https://goo.gl/fbAQLP

exports[`AppBarSection Tests Check Sections Left and Right 1`] = `
<div>
  <AppBar>
    <AppBarSection
      left={true}
    >
      Left Side
    </AppBarSection>
    <AppBarSection
      right={true}
    >
      Right Side
    </AppBarSection>
  </AppBar>
</div>
`;
