// Jest Snapshot v1, https://goo.gl/fbAQLP

exports[`GridCell Tests Default 1`] = `
<Grid>
  <Base>
    <div
      className="mdc-layout-grid"
    >
      <GridInner>
        <Base>
          <div
            className="mdc-layout-grid__inner"
          >
            <GridCell>
              <Base>
                <div
                  className="mdc-layout-grid__cell"
                >
                  test
                </div>
              </Base>
            </GridCell>
          </div>
        </Base>
      </GridInner>
    </div>
  </Base>
</Grid>
`;
